// Jest Snapshot v1, https://goo.gl/fbAQLP

exports[`should render ExpenseListItem correctly 1`] = `
<div>
  <Link
    replace={false}
    to="edit/3"
  >
    <h3>
      test trunk 3
    </h3>
  </Link>
  <p>
    2800
     - 
    Dec 29th, 1969
  </p>
</div>
`;
