// Jest Snapshot v1, https://goo.gl/fbAQLP

exports[`should render Header correctly 1`] = `
<div>
  <header>
    <h1>
      Expensify
    </h1>
    <NavLink
      activeClassName="is-active"
      aria-current="page"
      to="/"
    >
      Home
    </NavLink>
    <NavLink
      activeClassName="active"
      aria-current="page"
      to="/create"
    >
      Create Expense
    </NavLink>
  </header>
</div>
`;
